can_messages:
  - id: 0x11
    name: "RX0"
    schema:
      - type: "float"
        name: "first"
        default: 0

      - type: "float"
        name: "second"
        default: 0
